// Jest Snapshot v1, https://goo.gl/fbAQLP

exports[`CourseList component testing CourseList renders without crashing 1`] = `ShallowWrapper {}`;
